[theauditionafrica.com/index.html]
[backblue.gif]
[fade.gif]
[index.html]
[theauditionafrica.com/front/css/app.css]
[theauditionafrica.com/front/css/font-awesome.min.css]
[theauditionafrica.com/front/css/theme.css]
[theauditionafrica.com/front/layerslider/css/layerslider.css]
[theauditionafrica.com/front/css/owl.carousel.min.css]
[theauditionafrica.com/front/css/owl.theme.default.min.css]
[theauditionafrica.com/front/css/responsive.css]
[theauditionafrica.com/front/css/style.css]
[theauditionafrica.com/top-contestants.html]
[theauditionafrica.com/register.html]
[theauditionafrica.com/auditions.html]
[theauditionafrica.com/front/images/logo-smalllll.png]
[theauditionafrica.com/front/images/logo-small.png]
[theauditionafrica.com/login.html]
[theauditionafrica.com/front/images/sliderimages/ban1.jpg]
[theauditionafrica.com/front/images/sliderimages/left.png]
[theauditionafrica.com/front/images/sliderimages/right.png]
[theauditionafrica.com/front/images/sliderimages/buzzbg.jpg]
[theauditionafrica.com/buzz.html]
[theauditionafrica.com/images/google-play-badge.png]
[taaimages.s3.eu-west-2.amazonaws.com/1538152474.png]
[taaimages.s3.eu-west-2.amazonaws.com/1538430752.png]
[taaimages.s3.eu-west-2.amazonaws.com/1539011535.png]
[taaimages.s3.eu-west-2.amazonaws.com/1539011617.png]
[taaimages.s3.eu-west-2.amazonaws.com/1539011673.png]
[taaimages.s3.eu-west-2.amazonaws.com/1539011720.png]
[taaimages.s3.eu-west-2.amazonaws.com/1539011835.png]
[taaimages.s3.eu-west-2.amazonaws.com/1539012035.png]
[taaimages.s3.eu-west-2.amazonaws.com/1539263192.png]
[taaimages.s3.eu-west-2.amazonaws.com/1538152475.png]
[taaimages.s3.eu-west-2.amazonaws.com/1538430753.png]
[taaimages.s3.eu-west-2.amazonaws.com/1539011536.png]
[taaimages.s3.eu-west-2.amazonaws.com/1539011618.png]
[taaimages.s3.eu-west-2.amazonaws.com/1539011674.png]
[taaimages.s3.eu-west-2.amazonaws.com/1539011721.png]
[taaimages.s3.eu-west-2.amazonaws.com/1539011836.png]
[taaimages.s3.eu-west-2.amazonaws.com/1539012036.png]
[taaimages.s3.eu-west-2.amazonaws.com/1539263193.png]
[theauditionafrica.com/front/bower_components/what-input/what-input.js]
[theauditionafrica.com/front/js/jquery.showmore.src.js]
[theauditionafrica.com/front/js/app.js]
[theauditionafrica.com/front/bower_components/foundation-sites/dist/foundation.js]
[theauditionafrica.com/front/layerslider/js/greensock.js]
[theauditionafrica.com/front/layerslider/js/layerslider.transitions.js]
[theauditionafrica.com/front/bower_components/jquery/dist/jquery.js]
[theauditionafrica.com/front/layerslider/js/layerslider.kreaturamedia.jquery.js]
[theauditionafrica.com/front/js/inewsticker.js]
[theauditionafrica.com/front/js/jquery.kyco.easyshare.js]
[theauditionafrica.com/front/js/owl.carousel.min.js]
[theauditionafrica.com/js/main.js]
[theauditionafrica.com/dist/js/app2.js]
[theauditionafrica.com/js/modernizr.js]
[theauditionafrica.com/js/jquery.min.js]
[theauditionafrica.com/index.html]
[theauditionafrica.com/front/css/app.css]
[browser-update.org/update.min.js]
[theauditionafrica.com/front/images/gradient.png]
[theauditionafrica.com/front/images/sidebar-news-letter.png]
[theauditionafrica.com/front/images/sprite-bottle-3g.png]
[theauditionafrica.com/front/css/theme.css]
[theauditionafrica.com/front/fonts/fontawesome-webfont32953295.eot]
[theauditionafrica.com/front/fonts/fontawesome-webfontd41dd41d.eot]
[theauditionafrica.com/front/fonts/fontawesome-webfont32953295.woff]
[theauditionafrica.com/front/fonts/fontawesome-webfont32953295.ttf]
[theauditionafrica.com/front/css/font-awesome.min.css]
[theauditionafrica.com/front/layerslider/css/blank.gif]
[theauditionafrica.com/front/layerslider/css/layerslider.css]
[theauditionafrica.com/front/css/owl.video.play.html]
[theauditionafrica.com/front/css/owl.carousel.min.css]
[theauditionafrica.com/front/css/owl.theme.default.min.css]
[theauditionafrica.com/front/css/responsive.css]
[theauditionafrica.com/images/Preloader_7.gif]
[theauditionafrica.com/front/css/style.css]
[taaimages.s3.eu-west-2.amazonaws.com/1534714794.jpg]
[taaimages.s3.eu-west-2.amazonaws.com/1539772138.jpg]
[theauditionafrica.com/contestant/contestant-1539771047.html]
[taaimages.s3.eu-west-2.amazonaws.com/1536961891.png]
[taaimages.s3.eu-west-2.amazonaws.com/1539850910.jpg]
[theauditionafrica.com/contestant/contestant-1539850160.html]
[taaimages.s3.eu-west-2.amazonaws.com/1536961650.png]
[taaimages.s3.eu-west-2.amazonaws.com/1539591316.jpg]
[theauditionafrica.com/contestant/contestant-1539590276.html]
[taaimages.s3.eu-west-2.amazonaws.com/1534714734.png]
[taaimages.s3.eu-west-2.amazonaws.com/1539871711.jpg]
[theauditionafrica.com/contestant/contestant-1539868717.html]
[taaimages.s3.eu-west-2.amazonaws.com/1539853211.jpg]
[theauditionafrica.com/contestant/contestant-1539852591.html]
[taaimages.s3.eu-west-2.amazonaws.com/1539608479.jpg]
[theauditionafrica.com/contestant/contestant-1539603272.html]
[taaimages.s3.eu-west-2.amazonaws.com/1536961974.png]
[taaimages.s3.eu-west-2.amazonaws.com/1539780523.jpg]
[theauditionafrica.com/contestant/contestant-1539779958.html]
[taaimages.s3.eu-west-2.amazonaws.com/1539597029.jpg]
[theauditionafrica.com/contestant/contestant-1539591837.html]
[taaimages.s3.eu-west-2.amazonaws.com/1539350780.jpg]
[theauditionafrica.com/contestant/contestant-1539349512.html]
[taaimages.s3.eu-west-2.amazonaws.com/1539268574.jpg]
[theauditionafrica.com/contestant/contestant-1539268001.html]
[theauditionafrica.com/auditions.html]
[theauditionafrica.com/top-contestants.html]
[theauditionafrica.com/terms-and-conditions.html]
[theauditionafrica.com/register.html]
[theauditionafrica.com/login.html]
[theauditionafrica.com/buzz.html]
[theauditionafrica.com/front/fonts/fontawesome-webfont32953295.html]
[theauditionafrica.com/password/reset.html]
[theauditionafrica.com/front/fonts/fontawesome-webfont32953295.svg]
[theauditionafrica.com/front/css/owl.video.play.html]
[theauditionafrica.com/contestant/contestant-1539771047.html]
[theauditionafrica.com/contestant/contestant-1539850160.html]
[theauditionafrica.com/contestant/contestant-1539590276.html]
[theauditionafrica.com/contestant/contestant-1539868717.html]
[theauditionafrica.com/contestant/contestant-1539852591.html]
[theauditionafrica.com/contestant/contestant-1539603272.html]
[theauditionafrica.com/contestant/contestant-1539779958.html]
[theauditionafrica.com/contestant/contestant-1539591837.html]
[theauditionafrica.com/contestant/contestant-1539349512.html]
[theauditionafrica.com/contestant/contestant-1539268001.html]
[theauditionafrica.com/js/auditions.js]
[theauditionafrica.com/js/contestants.js]
[theauditionafrica.com/terms-and-conditions.html]
[theauditionafrica.com/password/reset.html]
[theauditionafrica.com/js/my-auditions.js]
